✔ [3311/3395] Built PaperN.PartI.IsometryGroupDefs (2.6s)
✔ [3312/3395] Built PaperN.Statements (2.8s)
✔ [3313/3418] Built PaperN.PartI.GDeltaPolish (2.6s)
✔ [3337/3439] Built PaperN.PartI.Definitions (4.4s)
✔ [3338/3441] Built PaperN.PartI.ValovInput (4.5s)
✔ [3341/3441] Built PaperN.PartI.MeasuredCompact (4.6s)
✔ [3342/3441] Built PaperN.PartI.ClosedDomainLawsStatements (2.7s)
✔ [3343/3441] Built PaperN.PartI.CompatibleMetric (2.7s)
✔ [3344/3441] Built PaperN.PartI.IsometryGraphStatements (5.6s)
✔ [3345/3441] Built PaperN.PartI.ProbabilityTopology (5.8s)
✔ [3346/3450] Built PaperN.PartI.IsometryGroup (3.8s)
✔ [3349/3450] Built PaperN.Shared.Correspondence (2.9s)
✔ [3350/3450] Built PaperN.PartI.ParameterIntegralStatements (3.1s)
✔ [3351/3450] Built PaperN.PartI.MetricBump (3.9s)
✔ [3352/3450] Built PaperN.PartI.FullSupportProbability (3.6s)
✔ [3353/3450] Built PaperN.PartI.LawAveragingStatements (3.1s)
✔ [3354/3450] Built PaperN.PartI.ValovStatements (2.9s)
✔ [3355/3450] Built PaperN.PartI.FixedProbabilityStatements (3.1s)
✔ [3356/3450] Built PaperN.PartI.SelectedProbabilityStatements (2.7s)
✔ [3360/3450] Built PaperN.PartI.GHPDefinitions (2.0s)
✔ [3361/3450] Built PaperN.PartI.FixedTopologyAssignmentStatements (2.0s)
✔ [3362/3450] Built PaperN.PartI.IsometryLimitsStatements (3.6s)
✔ [3363/3450] Built PaperN.Shared.CorrespondenceEmbedding (3.0s)
✔ [3364/3450] Built PaperN.PartI.IsometryGraph (3.8s)
✔ [3365/3450] Built PaperN.PartI.LimitSupportStatements (3.6s)
✔ [3367/3450] Built PaperN.PartI.Statements (3.7s)
✔ [3368/3450] Built PaperN.PartI.Barycenter (4.1s)
✔ [3369/3451] Built PaperN.Shared.ContinuousPseudometric (2.9s)
✔ [3370/3451] Built PaperN.PartI.ParameterIntegrals (4.4s)
✔ [3371/3451] Built PaperN.PartI.GHPStatements (3.4s)
✔ [3372/3451] Built PaperN.PartI.Valov (3.6s)
✔ [3373/3451] Built PaperN.PartI.CommonRealization (3.5s)
✔ [3374/3452] Built PaperN.PartI.FixedProbability (4.0s)
✔ [3376/3452] Built PaperN.PartI.IsometryLimits (4.2s)
✔ [3377/3452] Built PaperN.PartI.CompactMinima (3.0s)
✔ [3378/3452] Built PaperN.PartI.LimitSupport (3.6s)
✔ [3379/3452] Built PaperN.PartI.ProbabilityMixture (3.7s)
✔ [3380/3452] Built PaperN.Shared.Statements (2.9s)
✔ [3381/3452] Built PaperN.PartI.BarycenterNaturality (3.6s)
✔ [3382/3453] Built PaperN.PartI.ProbabilityRestriction (3.5s)
✔ [3384/3453] Built PaperN.PartI.HaarAverage (3.8s)
✔ [3385/3455] Built PaperN.PartI.CommonAmbient (3.0s)
✔ [3387/3456] Built PaperN.PartI.GHPDistance (2.8s)
✔ [3389/3456] Built PaperN.PartI.LawAveraging (3.8s)
✔ [3390/3458] Built PaperN.PartI.InvariantAssignmentStatements (2.9s)
✔ [3391/3458] Built PaperN.PartI.CommonIsometryGraph (3.4s)
✔ [3395/3458] Built PaperN.PartI.Remeasure (3.1s)
✔ [3397/3458] Built PaperN.Shared.PseudometricComparison (3.4s)
✔ [3398/3458] Built PaperN.PartI.ProkhorovIsometry (3.2s)
✔ [3399/3458] Built PaperN.PartI.CommonGHPConvergence (2.9s)
✔ [3400/3461] Built PaperN.PartI.Solution (3.7s)
✔ [3401/3461] Built PaperN.PartI.ClosedDomainLaws (3.0s)
✔ [3402/3461] Built PaperN.PartI.GHPMetricInput (2.8s)
✔ [3404/3472] Built PaperN.PartI.InvariantApproximationStatements (2.9s)
✔ [3524/3630] Built PaperN.PartI.CommonIsometryLimits (3.7s)
✔ [3525/3630] Built PaperN.Shared.CorrespondenceDistortion (2.7s)
✔ [3556/3641] Built PaperN.PartI.MixtureConvergence (3.8s)
✔ [3559/3650] Built PaperN.Shared.Scaling (3.5s)
✔ [3561/3650] Built PaperN.PartI.MeasuredProjection (3.5s)
✔ [3562/3650] Built PaperN.PartI.FixedLawAverage (3.4s)
✔ [3567/3650] Built PaperN.PartI.ClosedDomainAverage (3.6s)
✔ [3568/3650] Built PaperN.PartII.MinimizerContinuityStatements (2.0s)
✔ [3570/3650] Built PaperN.PartI.UniformOrbitStatements (3.6s)
✔ [3571/3650] Built PaperN.PartI.LiftInputs (3.5s)
✔ [3572/3650] Built PaperN.PartI.GHPExternalStatements (3.6s)
✔ [3573/3652] Built PaperN.PartII.DistanceKernel (5.3s)
✔ [3574/3652] Built PaperN.PartI.CommonGHEmbeddingStatements (3.2s)
✔ [3575/3652] Built PaperN.PartII.ComplexDistanceKernel (5.6s)
✔ [3576/3652] Built PaperN.PartII.MinimizerContinuity (2.9s)
✔ [3577/3652] Built PaperN.Shared.Contraction (6.1s)
✔ [3578/3652] Built PaperN.PartII.FactorEigenspaces (4.7s)
✔ [3579/3652] Built PaperN.PartI.HaarConvergenceStatements (3.5s)
✔ [3580/3652] Built PaperN.PartI.UniformOrbit (3.5s)
✔ [3581/3652] Built PaperN.PartI.InvariantLiftsStatements (3.9s)
✔ [3582/3654] Built PaperN.PartI.OpenProjectionStatements (3.9s)
✔ [3583/3654] Built PaperN.PartI.FiberTransport (4.2s)
✔ [3585/3654] Built PaperN.PartI.GHPExternal (4.2s)
✔ [3586/3654] Built PaperN.PartI.InvariantPolishStatements (4.3s)
✔ [3589/3655] Built PaperN.PartII.LpDistanceDefinitions (3.0s)
✔ [3590/3655] Built PaperN.PartII.UniformBallMass (4.1s)
✔ [3591/3655] Built PaperN.PartII.ProfileApproximation (4.7s)
✔ [3592/3656] Built PaperN.PartII.DistanceOperatorStatements (3.9s)
✔ [3594/3656] Built PaperN.PartI.VaryingFiberTransportStatements (3.7s)
✔ [3596/3656] Built PaperN.PartII.FactorSpectrum (4.9s)
✔ [3597/3656] Built PaperN.PartI.HaarConvergence (4.3s)
✔ [3599/3659] Built PaperN.PartI.FiberTopology (3.8s)
✔ [3600/3659] Built PaperN.PartII.AmbientKernel (6.3s)
✔ [3601/3661] Built PaperN.PartI.IsometryDefect (4.2s)
✔ [3603/3661] Built PaperN.PartII.LpDistanceStatements (3.5s)
✔ [3604/3661] Built PaperN.PartI.BallMass (4.4s)
✔ [3607/3661] Built PaperN.PartII.DistanceOperator (3.2s)
✔ [3608/3662] Built PaperN.PartII.SpectralApproximationStatements (3.6s)
✔ [3611/3663] Built PaperN.PartI.InvariantApproximation (4.0s)
✔ [3614/3700] Built PaperN.PartI.VaryingFiberTransport (3.0s)
✔ [3678/3742] Built PaperN.PartI.FiberLawAverage (3.9s)
✔ [3680/3742] Built PaperN.PartII.AmbientStatements (4.2s)
✔ [3681/3743] Built PaperN.PartII.AmbientCompact (4.8s)
✔ [3683/3746] Built PaperN.PartI.MinimumBallMass (3.8s)
✔ [3686/3772] Built PaperN.PartII.LpDistance (4.5s)
✔ [3688/3773] Built PaperN.PartI.InvariantLifts (3.5s)
✔ [3690/3773] Built PaperN.PartII.SpectralSpan (4.7s)
✔ [3694/3808] Built PaperN.PartII.CircleScalar (3.5s)
✔ [3697/3808] Built PaperN.PartI.ParameterizedFiberTransport (3.7s)
✔ [3699/3808] Built PaperN.PartI.FiberNaturality (3.7s)
✔ [3700/3808] Built PaperN.PartI.FullSupportStatements (3.5s)
✔ [3704/3808] Built PaperN.PartII.FactorSelectedEigenspaces (3.4s)
✔ [3705/3808] Built PaperN.PartII.ComplexSymmetry (4.6s)
✔ [3706/3808] Built PaperN.PartI.OpenProjection (3.6s)
✔ [3707/3808] Built PaperN.PartII.CoordinateDefinitions (3.6s)
⚠ [3708/3808] Built PaperN.PartII.FiniteSpectralApproximation (4.7s)
warning: PaperN/PartII/FiniteSpectralApproximation.lean:38:4: try 'simp' instead of 'simpa'

Note: This linter can be disabled with `set_option linter.unnecessarySimpa false`
✔ [3709/3808] Built PaperN.PartI.FamilyFiberAverage (3.8s)
✔ [3710/3808] Built PaperN.PartI.GHPRetractionStatements (3.2s)
✔ [3711/3816] Built PaperN.PartI.InvariantGDeltaStatements (3.4s)
✔ [3712/3816] Built PaperN.PartII.MeasureKernelConvergence (4.9s)
✔ [3722/3922] Built PaperN.PartII.SelectedSquareRange (2.8s)
✔ [3723/3922] Built PaperN.PartI.FullSupportGDelta (3.4s)
✔ [3724/3925] Built PaperN.PartII.SymmetricFactorSquareRange (3.4s)
✔ [3726/3925] Built PaperN.PartII.CoordinateEstimate (3.7s)
✔ [3728/3925] Built PaperN.PartI.FamilyAverageIdentification (3.9s)
✔ [3730/4003] Built PaperN.PartII.GramConvergence (3.9s)
✔ [3731/4003] Built PaperN.PartII.NormedCoordinateClass (3.1s)
✔ [3733/4003] Built PaperN.PartII.SpectralCutoff (4.2s)
✔ [3734/4003] Built PaperN.PartII.CorrespondenceFunctionConvergence (3.8s)
✔ [3735/4003] Built PaperN.PartII.UniformRelationConvergence (3.0s)
✔ [3736/4003] Built PaperN.PartII.CommonCorrespondences (3.3s)
✔ [3737/4003] Built PaperN.PartII.RealPowerConvexity (3.3s)
✔ [3738/4003] Built PaperN.PartI.InvariantGDelta (3.7s)
✔ [3739/4003] Built PaperN.PartI.SequenceFiberAverage (3.9s)
✔ [3740/4003] Built PaperN.PartII.PowerIntegralConvergence (3.7s)
✔ [3741/4003] Built PaperN.PartII.MetricApproximationError (3.2s)
✔ [3744/4034] Built PaperN.PartII.BasisTransform (3.8s)
✔ [3746/4034] Built PaperN.PartII.AbsoluteRetract (1.0s)
✔ [3747/4034] Built PaperN.PartII.CoordinatePullback (2.7s)
✔ [3748/4034] Built PaperN.PartII.CoordinateClassRepair (2.9s)
✔ [3749/4034] Built PaperN.PartII.CoordinateNormCarrier (4.0s)
✔ [3750/4034] Built PaperN.PartIV.MetricProducts (2.9s)
✔ [3751/4034] Built PaperN.PartI.Anisometry (3.1s)
✔ [3752/4034] Built PaperN.PartII.CoordinateLpNorm (4.3s)
✔ [3753/4034] Built PaperN.PartIV.UrysohnFunctionModel (2.2s)
✔ [3755/4034] Built PaperN.PartII.CutoffIdentification (4.1s)
✔ [3756/4034] Built PaperN.PartII.FiniteFamilyConvergence (3.6s)
✔ [3757/4034] Built PaperN.PartII.LpStrictConvexity (3.6s)
✔ [3758/4034] Built PaperN.PartI.InvariantPolish (3.6s)
✔ [3759/4034] Built PaperN.PartII.CoordinateBoundConvergence (3.2s)
✔ [3760/4034] Built PaperN.PartII.GramPositive (3.7s)
✔ [3761/4034] Built PaperN.PartI.CommonBaseGluing (3.6s)
✔ [3762/4034] Built PaperN.PartI.CompactIsometryEmbeddings (2.6s)
✔ [3764/4051] Built PaperN.PartI.ProkhorovMapApproximation (3.1s)
✔ [3765/4051] Built PaperN.PartI.ZeroDistanceCouplings (3.1s)
✔ [3766/4051] Built PaperN.PartII.CompactIntegralImages (3.1s)
✔ [3767/4051] Built PaperN.PartII.AmbientEquivalence (18s)
✔ [3768/4051] Built PaperN.PartI.ZeroCostCoupling (3.4s)
⚠ [3769/4051] Built PaperN.PartII.CorrespondenceTransport (2.9s)
warning: PaperN/PartII/CorrespondenceTransport.lean:21:52: try 'simp' instead of 'simpa'

Note: This linter can be disabled with `set_option linter.unnecessarySimpa false`
✔ [3770/4051] Built PaperN.PartII.AbsoluteNeighborhoodRetract (1.8s)
⚠ [3771/4051] Built PaperN.PartI.CompactCouplingGluing (3.1s)
warning: PaperN/PartI/CompactCouplingGluing.lean:73:23: Used `tac1 <;> tac2` where `(tac1; tac2)` would suffice

Note: This linter can be disabled with `set_option linter.unnecessarySeqFocus false`
warning: PaperN/PartI/CompactCouplingGluing.lean:73:57: Used `tac1 <;> tac2` where `(tac1; tac2)` would suffice

Note: This linter can be disabled with `set_option linter.unnecessarySeqFocus false`
✔ [3772/4051] Built PaperN.PartII.ZeroCoordinateModel (3.3s)
✔ [3773/4051] Built PaperN.PartIV.EquilateralProducts (3.2s)
✔ [3774/4051] Built PaperN.PartIV.UrysohnFunctionMetric (2.2s)
✔ [3775/4051] Built PaperN.PartII.CoordinateDualNorm (3.8s)
✔ [3776/4051] Built PaperN.PartI.IsometryGroupGH (3.5s)
✔ [3777/4051] Built PaperN.PartII.ParameterizedSynthesis (3.9s)
✔ [3779/4051] Built PaperN.PartII.FiniteDimensionalApproximation (3.8s)
✔ [3780/4051] Built PaperN.PartII.SynthesisConvergence (3.8s)
✔ [3781/4051] Built PaperN.PartIV.UltrametricGHCarrier (2.8s)
✔ [3782/4051] Built PaperN.PartI.InvariantSelectionStatements (3.6s)
✔ [3783/4051] Built PaperN.PartI.CommonBaseLimit (3.6s)
✔ [3784/4051] Built PaperN.PartII.CompactEigenvalueInput (3.0s)
✔ [3785/4051] Built PaperN.PartI.UniformEmbeddingLimits (2.9s)
✔ [3786/4051] Built PaperN.PartI.MeasurableNearMap (2.9s)
✔ [3787/4051] Built PaperN.PartII.GramNormalization (4.2s)
✔ [3788/4051] Built PaperN.PartII.RealComplexKernel (5.0s)
✔ [3789/4051] Built PaperN.PartI.CouplingCommonAmbient (3.9s)
✔ [3790/4051] Built PaperN.PartII.AbsoluteExtensor (2.2s)
✔ [3791/4051] Built PaperN.PartII.AmbientEigenspaces (3.3s)
✔ [3792/4051] Built PaperN.PartI.ConvergentCouplings (3.5s)
✔ [3794/4051] Built PaperN.PartI.GHPMetricFromSeparation (3.1s)
✔ [3795/4051] Built PaperN.PartII.DiameterContinuity (3.2s)
✔ [3796/4051] Built PaperN.PartIV.CoverScale (3.2s)
✔ [3797/4051] Built PaperN.PartII.DualRepresentation (3.9s)
✔ [3798/4051] Built PaperN.PartI.IsometryGroupDiscontinuity (3.4s)
✔ [3799/4051] Built PaperN.PartII.DistanceObjectiveConvergence (3.6s)
✔ [3800/4051] Built PaperN.PartI.InvariantSelection (3.4s)
✔ [3801/4051] Built PaperN.PartII.BestApproximationContinuity (4.0s)
✔ [3802/4051] Built PaperN.PartI.GHCommonEmbeddingProof (3.8s)
✔ [3803/4051] Built PaperN.PartII.CompactEigenvalueProof (4.5s)
✔ [3804/4051] Built PaperN.PartII.NeighborhoodExtensionFactor (2.4s)
✔ [3805/4051] Built PaperN.PartI.ProbabilityApproximationProof (3.8s)
✔ [3806/4051] Built PaperN.PartI.CompactRealizationRestriction (3.8s)
✔ [3807/4051] Built PaperN.PartII.RealKernelSpectral (4.1s)
✔ [3808/4051] Built PaperN.PartII.SmallAmbientRetract (2.4s)
✔ [3809/4051] Built PaperN.PartIV.PackingSeparation (2.8s)
✔ [3810/4051] Built PaperN.PartII.ComplexifiedSpectrum (7.0s)
✔ [3811/4051] Built PaperN.PartII.ResolventIntertwining (4.5s)
✔ [3812/4051] Built PaperN.PartII.DualNormComparison (3.6s)
✔ [3813/4051] Built PaperN.PartII.DualEquivariance (3.8s)
✔ [3814/4051] Built PaperN.PartII.BestApproximationNaturality (4.0s)
✔ [3815/4051] Built PaperN.PartII.SeparableANRExtension (2.8s)
✔ [3816/4051] Built PaperN.PartI.SelectedProbability (4.2s)
✔ [3817/4051] Built PaperN.PartII.MovingDistanceObjective (4.6s)
✔ [3818/4051] Built PaperN.PartI.GHPSeparationProof (4.1s)
✔ [3819/4051] Built PaperN.PartII.ClosedEmbeddingFactor (2.7s)
✔ [3820/4051] Built PaperN.PartI.GHPCommonEmbeddingProof (3.9s)
✔ [3821/4051] Built PaperN.PartII.DualActionContinuity (3.4s)
✔ [3822/4051] Built PaperN.PartII.SpectralDensityStatements (3.0s)
✔ [3823/4051] Built PaperN.PartII.DualRepresentationContinuity (3.9s)
✔ [3824/4051] Built PaperN.PartII.ComplexificationResolvent (5.4s)
✔ [3825/4051] Built PaperN.PartII.IntegratedResolvent (4.0s)
✔ [3826/4051] Built PaperN.PartI.InvariantAssignment (3.7s)
✔ [3827/4051] Built PaperN.PartII.OrthonormalCoordinateChange (4.6s)
✔ [3828/4051] Built PaperN.PartII.BestApproximationError (5.4s)
✔ [3829/4051] Built PaperN.PartI.OrdinaryProbabilityLifting (3.7s)
✔ [3830/4051] Built PaperN.PartII.SpectralDensity (3.9s)
✔ [3831/4051] Built PaperN.PartII.BlockSum (4.3s)
✔ [3832/4051] Built PaperN.PartII.ResolventIntegrability (3.0s)
✔ [3833/4051] Built PaperN.PartI.GHSection (3.5s)
✔ [3834/4051] Built PaperN.PartII.SelectedKernelConvergence (3.6s)
✔ [3835/4051] Built PaperN.PartII.CoefficientBound (3.3s)
✔ [3836/4051] Built PaperN.PartII.ApproximationParameters (3.4s)
✔ [3837/4051] Built PaperN.PartII.BlockSumSeparable (3.2s)
✔ [3838/4051] Built PaperN.PartI.GHPRetraction (3.7s)
✔ [3839/4051] Built PaperN.PartII.SingletonNeighborhood (3.8s)
✔ [3840/4051] Built PaperN.PartI.UniverseAssignment (3.9s)
✔ [3841/4051] Built PaperN.PartII.ObjectiveLpNorm (4.2s)
✔ [3842/4051] Built PaperN.PartII.SegmentResolvent (5.0s)
✔ [3843/4051] Built PaperN.PartII.BanachContinua (3.3s)
✔ [3844/4051] Built PaperN.PartI.FixedTopologyAssignment (3.8s)
✔ [3845/4051] Built PaperN.PartII.SelectedDistanceOperator (4.1s)
✔ [3846/4051] Built PaperN.Shared.UniformSeparated (4.3s)
✔ [3847/4051] Built PaperN.PartII.ZeroCoordinateClass (4.4s)
✔ [3848/4051] Built PaperN.PartII.BlockActionTail (5.9s)
✔ [3849/4051] Built PaperN.PartI.SmallMeasuredModel (3.8s)
✔ [3850/4051] Built PaperN.PartII.LpNormConvergence (3.9s)
✔ [3851/4051] Built PaperN.PartII.ObjectiveTransport (3.9s)
✔ [3852/4051] Built PaperN.PartII.RectangleResolvent (4.3s)
✔ [3853/4051] Built PaperN.PartI.CurrentStatements (4.4s)
✔ [3854/4051] Built PaperN.PartII.SelectedAmbientEigenspaces (4.3s)
✔ [3855/4051] Built PaperN.PartII.SelectedSpectralDensity (4.5s)
✔ [3856/4051] Built PaperN.PartII.SelectedLpDistance (4.5s)
✔ [3857/4051] Built PaperN.PartIV.CompactFamilyPacking (4.2s)
✔ [3858/4051] Built PaperN.PartII.LocalModel (5.2s)
✔ [3859/4051] Built PaperN.PartI.UniverseGHP (3.9s)
✔ [3860/4051] Built PaperN.PartII.BlockActionContinuity (6.6s)
✔ [3861/4051] Built PaperN.PartII.UniformLpNormConvergence (4.5s)
✔ [3862/4051] Built PaperN.PartII.CutoffContour (4.4s)
✔ [3863/4051] Built PaperN.PartII.SpectralCompetitors (4.1s)
✔ [3864/4051] Built PaperN.PartII.EmbeddedCoefficientConvergence (4.9s)
✔ [3865/4051] Built PaperN.PartIV.RecursiveProducts (3.9s)
⚠ [3866/4051] Built PaperN.PartII.RectangleCauchyBridge (4.0s)
warning: PaperN/PartII/RectangleCauchyBridge.lean:17:82: Used `tac1 <;> tac2` where `(tac1; tac2)` would suffice

Note: This linter can be disabled with `set_option linter.unnecessarySeqFocus false`
warning: PaperN/PartII/RectangleCauchyBridge.lean:34:82: Used `tac1 <;> tac2` where `(tac1; tac2)` would suffice

Note: This linter can be disabled with `set_option linter.unnecessarySeqFocus false`
warning: PaperN/PartII/RectangleCauchyBridge.lean:62:23: Used `tac1 <;> tac2` where `(tac1; tac2)` would suffice

Note: This linter can be disabled with `set_option linter.unnecessarySeqFocus false`
warning: PaperN/PartII/RectangleCauchyBridge.lean:62:33: Used `tac1 <;> tac2` where `(tac1; tac2)` would suffice

Note: This linter can be disabled with `set_option linter.unnecessarySeqFocus false`
✔ [3867/4051] Built PaperN.PartII.LocalErrorMap (3.6s)
✔ [3868/4051] Built PaperN.PartI.CommonGHEmbedding (3.5s)
✔ [3869/4051] Built PaperN.PartII.OrthogonalCompactness (3.5s)
✔ [3870/4051] Built PaperN.PartI.UniverseRetraction (3.9s)
✔ [3871/4051] Built PaperN.PartII.ResolventEigenvector (3.0s)
✔ [3872/4051] Built PaperN.PartII.LpNormTransport (4.3s)
✔ [3873/4051] Built PaperN.PartII.CoefficientCompetitors (4.4s)
✔ [3874/4051] Built PaperN.PartII.EventualCoefficientConvergence (4.4s)
✔ [3875/4051] Built PaperN.PartIV.LocallyFiniteProducts (4.0s)
✔ [3876/4051] Built PaperN.PartII.OrthogonalTopologicalGroup (3.1s)
⚠ [3877/4051] Built PaperN.PartII.BoxResolvent (4.5s)
warning: PaperN/PartII/BoxResolvent.lean:49:0: automatically included section variable(s) unused in theorem `PaperN.PartII.boxResolvent_split_vertical`:
  [CompleteSpace E]
consider restructuring your `variable` declarations so that the variables are not in scope or explicitly omit them:
  omit [CompleteSpace E] in theorem ...

Note: This linter can be disabled with `set_option linter.unusedSectionVars false`
✔ [3878/4051] Built PaperN.PartI.GHPCauchyRealization (3.7s)
✔ [3879/4051] Built PaperN.PartII.BestApproximationPullback (4.0s)
✔ [3880/4051] Built PaperN.PartII.CircleOperator (4.2s)
✔ [3881/4051] Built PaperN.PartII.ContourEigenvector (4.0s)
✔ [3882/4051] Built PaperN.PartII.CenterApproximation (4.3s)
✔ [3883/4051] Built PaperN.PartII.OrthonormalFamilySpan (3.8s)
✔ [3884/4051] Built PaperN.PartII.OrthogonalCountability (3.2s)
✔ [3885/4051] Built PaperN.PartIV.DiscreteApproximation (3.7s)
✔ [3886/4051] Built PaperN.PartIV.Diameter (4.1s)
✔ [3887/4051] Built PaperN.PartII.CompactSetAction (4.1s)
✔ [3888/4051] Built PaperN.PartII.RectangleHorizontalDeformation (4.0s)
✔ [3889/4051] Built PaperN.PartI.GHPCompleteness (3.9s)
✔ [3890/4051] Built PaperN.PartII.WeightedResolvent (3.9s)
⚠ [3891/4051] Built PaperN.PartII.RectangleScalarOutside (3.6s)
warning: PaperN/PartII/RectangleScalarOutside.lean:27:23: Used `tac1 <;> tac2` where `(tac1; tac2)` would suffice

Note: This linter can be disabled with `set_option linter.unnecessarySeqFocus false`
✔ [3892/4051] Built PaperN.PartII.EigenProjection (3.9s)
✔ [3893/4051] Built PaperN.PartIV.HilbertCubeApproximation (3.6s)
✔ [3894/4051] Built PaperN.PartII.SegmentLogIntegral (3.7s)
✔ [3895/4051] Built PaperN.PartI.GHPSeparability (3.4s)
✔ [3896/4051] Built PaperN.PartII.CompactOrbitDistance (4.0s)
✔ [3897/4051] Built PaperN.PartII.CircleRangeFactorization (4.5s)
✔ [3898/4051] Built PaperN.PartIV.UnitDiameterApproximation (4.0s)
✔ [3899/4051] Built PaperN.PartII.PeanoHyperspaceInput (3.0s)
✔ [3900/4051] Built PaperN.PartIV.DiscreteApproximationMain (4.1s)
⚠ [3901/4051] Built PaperN.PartII.SecondOrderResolvent (4.3s)
warning: PaperN/PartII/SecondOrderResolvent.lean:35:6: Used `tac1 <;> tac2` where `(tac1; tac2)` would suffice

Note: This linter can be disabled with `set_option linter.unnecessarySeqFocus false`
✔ [3902/4051] Built PaperN.PartII.EigenRange (5.0s)
⚠ [3903/4051] Built PaperN.PartII.RectangleScalarInside (3.5s)
warning: PaperN/PartII/RectangleScalarInside.lean:50:2: Used `tac1 <;> tac2` where `(tac1; tac2)` would suffice

Note: This linter can be disabled with `set_option linter.unnecessarySeqFocus false`
✔ [3904/4051] Built PaperN.PartI.MainTheorem (3.2s)
✔ [3905/4051] Built PaperN.PartII.CompactOrbitQuotient (3.0s)
✔ [3906/4051] Built PaperN.PartIV.DiameterNormalization (2.9s)
✔ [3907/4051] Built PaperN.PartII.TwoCircleProjection (3.8s)
⚠ [3908/4051] Built PaperN.PartII.SegmentSquareFactorization (4.6s)
warning: PaperN/PartII/SegmentSquareFactorization.lean:74:24: This simp argument is unused:
  map_add

Hint: Omit it from the simp argument list.
  simp [twiceWeightedQuadrilateral, scalarQuadrilateral, add_smul, sub_smul, mul_smul,
  ̵  ̵ ̵ ̵smul_add,
  ̲  ̲ ̲ ̲smul_sub, map_a̵d̵d̵,̵ ̵m̵a̵p̵_̵sub, map_smul]

Note: This linter can be disabled with `set_option linter.unusedSimpArgs false`
warning: PaperN/PartII/SegmentSquareFactorization.lean:74:33: This simp argument is unused:
  map_sub

Hint: Omit it from the simp argument list.
  simp [twiceWeightedQuadrilateral, scalarQuadrilateral, add_smul, sub_smul, mul_smul, smul_add,
  ̲  ̲ ̲ ̲smul_sub, map_add, m̵a̵p̵_̵s̵u̵b̵,̵ ̵map_smul]

Note: This linter can be disabled with `set_option linter.unusedSimpArgs false`
warning: PaperN/PartII/SegmentSquareFactorization.lean:74:42: This simp argument is unused:
  map_smul

Hint: Omit it from the simp argument list.
  simp [twiceWeightedQuadrilateral, scalarQuadrilateral, add_smul, sub_smul, mul_smul, smul_add,
  ̲  ̲ ̲ ̲smul_sub, map_add, m̵a̵p̵_̵s̵u̵b̵,̵ ̵m̵a̵p̵_̵s̵m̵u̵l̵]̵m̲a̲p̲_̲s̲u̲b̲]̲

Note: This linter can be disabled with `set_option linter.unusedSimpArgs false`
warning: PaperN/PartII/SegmentSquareFactorization.lean:75:2: Used `tac1 <;> tac2` where `(tac1; tac2)` would suffice

Note: This linter can be disabled with `set_option linter.unnecessarySeqFocus false`
warning: PaperN/PartII/SegmentSquareFactorization.lean:86:0: automatically included section variable(s) unused in theorem `PaperN.PartII.rectangle_zero_edge_condition`:
  [CompleteSpace E]
consider restructuring your `variable` declarations so that the variables are not in scope or explicitly omit them:
  omit [CompleteSpace E] in theorem ...

Note: This linter can be disabled with `set_option linter.unusedSectionVars false`
✔ [3909/4051] Built PaperN.PartII.CompactOrbitTopology (2.7s)
✔ [3910/4051] Built PaperN.PartIV.ProductDiameter (3.1s)
✔ [3911/4051] Built PaperN.PartII.CutoffRieszInput (3.3s)
✔ [3912/4051] Built PaperN.PartII.RectangleSpectralProjection (3.9s)
✔ [3913/4051] Built PaperN.PartII.ComplexCutoffFinite (4.2s)
✔ [3914/4051] Built PaperN.PartIV.UnitDiameterContraction (2.0s)
✔ [3915/4051] Built PaperN.PartII.CircleIntertwining (4.8s)
✔ [3916/4051] Built PaperN.PartII.SphereActionLaws (4.3s)
✔ [3917/4051] Built PaperN.PartII.CutoffCircleRangeFactorization (3.2s)
✔ [3918/4051] Built PaperN.PartII.CutoffComplexification (3.9s)
✔ [3919/4051] Built PaperN.PartII.CollectivelyCompactBounds (3.4s)
✔ [3920/4051] Built PaperN.PartII.AmbientSelectedEquivalence (4.3s)
✔ [3921/4051] Built PaperN.PartII.SphereOrbitSpace (5.0s)
✔ [3922/4051] Built PaperN.PartII.CompactSelectorFiniteRange (3.4s)
✔ [3923/4051] Built PaperN.PartII.StrongCompactConvergence (3.9s)
✔ [3924/4051] Built PaperN.PartII.CircleSquareFactorization (4.4s)
✔ [3925/4051] Built PaperN.PartII.RealComplexProjection (4.6s)
✔ [3926/4051] Built PaperN.PartII.EquivariantARInputs (2.9s)
✔ [3927/4051] Built PaperN.PartII.StrongCompactImages (4.9s)
✔ [3928/4051] Built PaperN.PartII.SquaredErrorInvertibility (5.1s)
✔ [3929/4051] Built PaperN.PartII.CompactSetRealization (6.3s)
✔ [3930/4051] Built PaperN.PartII.FiniteSubspaceStability (5.3s)
✔ [3931/4051] Built PaperN.PartII.ParameterStrongCompactConvergence (5.3s)
✔ [3932/4051] Built PaperN.PartII.AmbientCircleRangeProof (5.9s)
✔ [3933/4051] Built PaperN.PartII.AmbientContourComparisonProof (5.5s)
✔ [3934/4051] Built PaperN.PartII.CutoffDimension (6.5s)
✔ [3935/4051] Built PaperN.PartII.RestrictionRealProjection (4.5s)
✔ [3936/4051] Built PaperN.PartII.FiniteBlockFeature (4.1s)
✔ [3937/4051] Built PaperN.PartII.CollectivelyCompactRightComposition (4.7s)
✔ [3938/4051] Built PaperN.PartII.SquaredErrorLowerBound (4.7s)
✔ [3939/4051] Built PaperN.PartII.SphereOrbitAR (5.2s)
⚠ [3940/4051] Built PaperN.PartII.PointwiseResolventStability (4.3s)
warning: PaperN/PartII/PointwiseResolventStability.lean:25:15: `ContinuousLinearMap.sub_apply` has been deprecated: Use `sub_apply` instead

Note: The updated constant is in a different namespace. Dot notation may need to be changed (e.g., from `x.sub_apply` to `sub_apply x`).
✔ [3941/4051] Built PaperN.PartII.ProjectionRankStability (4.6s)
✔ [3942/4051] Built PaperN.PartII.WeightedPseudometric (2.5s)
✔ [3943/4051] Built PaperN.PartII.AmbientRieszRange (4.4s)
✔ [3944/4051] Built PaperN.PartII.ContinuousCutoffProjection (3.4s)
⚠ [3945/4051] Built PaperN.PartII.CollectivelyCompactInverseConvergence (3.2s)
warning: PaperN/PartII/CollectivelyCompactInverseConvergence.lean:35:51: `ContinuousLinearMap.sub_apply` has been deprecated: Use `sub_apply` instead

Note: The updated constant is in a different namespace. Dot notation may need to be changed (e.g., from `x.sub_apply` to `sub_apply x`).
✔ [3946/4051] Built PaperN.PartII.FeatureImage (2.1s)
✔ [3947/4051] Built PaperN.PartII.AmbientConjugation (2.7s)
✔ [3948/4051] Built PaperN.PartII.ResolventStrongConvergence (2.5s)
✔ [3949/4051] Built PaperN.PartII.FeatureInvariance (2.1s)
✔ [3950/4051] Built PaperN.PartII.AmbientRealProjection (2.7s)
✔ [3951/4051] Built PaperN.PartII.InversePerturbationBound (2.9s)
✔ [3952/4051] Built PaperN.PartII.LocalDualFeature (2.6s)
✔ [3953/4051] Built PaperN.PartII.ContinuousCutoffEquivalence (2.9s)
✔ [3954/4051] Built PaperN.PartII.ResolventNeighborhoodBound (2.6s)
✔ [3955/4051] Built PaperN.PartII.CircularProjectionRestriction (2.4s)
✔ [3956/4051] Built PaperN.PartII.CompactResolventBound (2.2s)
✔ [3957/4051] Built PaperN.PartII.ContourComparison (2.6s)
✔ [3958/4051] Built PaperN.PartII.CollectivelyCompactSpectralInput (2.8s)
✔ [3959/4051] Built PaperN.PartII.InverseDifferenceBound (2.8s)
✔ [3960/4051] Built PaperN.PartII.ProjectionRestriction (2.7s)
✔ [3961/4051] Built PaperN.PartII.ResolventCompactImages (2.8s)
✔ [3962/4051] Built PaperN.PartII.SegmentResolventConvergence (2.9s)
✔ [3963/4051] Built PaperN.PartII.CutoffContourConvergence (2.9s)
✔ [3964/4051] Built PaperN.PartII.CollectivelyCompactIntegral (3.0s)
✔ [3965/4051] Built PaperN.PartII.ResolventDifferenceCompact (3.1s)
✔ [3966/4051] Built PaperN.PartII.SegmentResolventBound (3.1s)
✔ [3967/4051] Built PaperN.PartII.SegmentDifferenceCompact (2.2s)
✔ [3968/4051] Built PaperN.PartII.CutoffProjectionConvergence (2.0s)
✔ [3969/4051] Built PaperN.PartII.ContourDifferenceCompact (2.4s)
✔ [3970/4051] Built PaperN.PartII.AmbientContourProperties (2.4s)
✔ [3971/4051] Built PaperN.PartII.CutoffRankStability (2.1s)
✔ [3972/4051] Built PaperN.PartII.SelectedProjectionRankProof (15s)
✔ [3973/4051] Built PaperN.PartII.ProjectionCutoffDimension (2.7s)
✔ [3974/4051] Built PaperN.PartII.SpectralProjectionProperties (2.3s)
✔ [3975/4051] Built PaperN.PartII.RealProjectedFunctions (2.5s)
✔ [3976/4051] Built PaperN.PartII.SpectralNeighborhood (2.6s)
✔ [3977/4051] Built PaperN.PartII.RealCutoffExtension (2.2s)
✔ [3978/4051] Built PaperN.PartII.GramRestriction (2.6s)
✔ [3979/4051] Built PaperN.PartII.NormalizedRestriction (2.2s)
✔ [3980/4051] Built PaperN.PartII.ContinuousFamilyBasis (2.7s)
✔ [3981/4051] Built PaperN.PartII.SelectedSpectralBasis (2.4s)
✔ [3982/4051] Built PaperN.PartII.ContinuousOrthonormalBasis (2.5s)
✔ [3983/4051] Built PaperN.PartII.SpectralContinuity (3.4s)
✔ [3984/4051] Built PaperN.PartII.SelectedCoefficientConvergence (3.4s)
✔ [3985/4051] Built PaperN.PartII.UniformCoefficientConvergence (3.6s)
✔ [3986/4051] Built PaperN.PartII.CenterCoordinates (3.1s)
✔ [3987/4051] Built PaperN.PartII.SubspaceCoordinateClass (3.3s)
✔ [3988/4051] Built PaperN.PartII.ModelSupConvergence (2.6s)
✔ [3989/4051] Built PaperN.PartII.SelectedModelConvergence (2.8s)
✔ [3990/4051] Built PaperN.PartII.SubspaceClassMembership (2.8s)
✔ [3991/4051] Built PaperN.PartII.SubspaceClassPullback (2.7s)
✔ [3992/4051] Built PaperN.PartII.SelectedModelSupConvergence (2.7s)
✔ [3993/4051] Built PaperN.PartII.SpectralCutoffPullback (2.5s)
✔ [3994/4051] Built PaperN.PartII.SubspaceModelConvergence (2.7s)
✔ [3995/4051] Built PaperN.PartII.SelectedClassConvergence (2.3s)
✔ [3996/4051] Built PaperN.PartII.SpectralCutoffEquiv (2.4s)
✔ [3997/4051] Built PaperN.PartII.LocalSpectralContinuity (2.5s)
✔ [3998/4051] Built PaperN.PartII.SubspaceModelBounds (2.7s)
✔ [3999/4051] Built PaperN.PartII.LocalMetricErrorConvergence (2.7s)
✔ [4000/4051] Built PaperN.PartII.CoordinateEquivariance (2.7s)
✔ [4001/4051] Built PaperN.PartII.SpectralIsometryAction (2.9s)
✔ [4002/4051] Built PaperN.PartII.LocalApproximationNeighborhood (2.9s)
✔ [4003/4051] Built PaperN.PartII.CenterClassApproximation (3.0s)
✔ [4004/4051] Built PaperN.PartII.SpectralIsometryMatrix (2.9s)
✔ [4005/4051] Built PaperN.PartII.UniversalLocalClass (3.0s)
✔ [4006/4051] Built PaperN.PartII.SpectralGHError (2.9s)
✔ [4007/4051] Built PaperN.PartII.CenterResolventApproximation (2.9s)
✔ [4008/4051] Built PaperN.PartII.UniversalLocalConvergence (2.9s)
✔ [4009/4051] Built PaperN.PartII.SpectralMatrixIntegrals (3.0s)
✔ [4010/4051] Built PaperN.PartII.ApproximatingSpectralNeighborhood (2.3s)
✔ [4011/4051] Built PaperN.PartII.ChosenSpectralRepresentation (2.3s)
✔ [4012/4051] Built PaperN.PartII.SpectralLocalModel (2.3s)
✔ [4013/4051] Built PaperN.PartII.SpectralCoordinateNorm (2.3s)
✔ [4014/4051] Built PaperN.PartII.LocalModelExistence (2.2s)
✔ [4015/4051] Built PaperN.PartII.SpectralCoordinateEquivariance (2.4s)
✔ [4016/4051] Built PaperN.PartII.LocalModelRestriction (2.3s)
✔ [4017/4051] Built PaperN.PartII.SpectralRepresentationConjugacy (2.6s)
✔ [4018/4051] Built PaperN.PartII.LocalModelGHMap (2.3s)
✔ [4019/4051] Built PaperN.PartII.SelectedRepresentationEquivariance (2.5s)
✔ [4020/4051] Built PaperN.PartII.LocalModelGHContinuity (2.2s)
✔ [4021/4051] Built PaperN.PartII.VariableErrorLocalModel (2.0s)
✔ [4022/4051] Built PaperN.PartII.LocalModelPartition (1.0s)
✔ [4023/4051] Built PaperN.PartII.ModelFeatureAssembly (2.8s)
✔ [4024/4051] Built PaperN.PartII.ModelFeatureInvariance (2.6s)
✔ [4025/4051] Built PaperN.PartII.ModelFeatureRepresentatives (2.7s)
✔ [4026/4051] Built PaperN.PartII.FeatureImageConvergence (2.2s)
✔ [4027/4051] Built PaperN.PartII.DualFeatureError (2.2s)
✔ [4028/4051] Built PaperN.PartII.ModelFeatureSequence (2.5s)
✔ [4029/4051] Built PaperN.PartII.GlobalOrbitApproximation (1.9s)
✔ [4030/4051] Built PaperN.PartII.GlobalModelError (2.2s)
✔ [4031/4051] Built PaperN.PartII.FeaturePseudometricError (2.4s)
✔ [4032/4051] Built PaperN.PartII.GlobalErrorContinuity (2.5s)
✔ [4033/4051] Built PaperN.PartII.ModelInterpolation (2.3s)
✔ [4034/4051] Built PaperN.PartII.InterpolationContinuity (2.7s)
✔ [4035/4051] Built PaperN.PartII.InterpolationCompatibility (2.0s)
✔ [4036/4051] Built PaperN.PartII.GlobalARDomination (2.2s)
✔ [4037/4051] Built PaperN.PartII.HannerDomination (2.1s)
✔ [4038/4051] Built PaperN.PartII.GHAbsoluteRetract (1.9s)
✔ [4039/4051] Built PaperN.PartIV.HilbertRecognition (2.4s)
✔ [4040/4051] Built PaperN.PartII.UniversalAbsoluteRetract (2.3s)
✔ [4041/4051] Built PaperN.PartII.ContractibleExtensorProof (2.4s)
✔ [4042/4051] Built PaperN.PartIV.UnitDiameterRetract (2.7s)
✔ [4043/4051] Built PaperN.PartIV.BanachHomeomorphism (2.7s)
✔ [4044/4051] Built PaperN.PartII.HannerCategoryProof (2.7s)
✔ [4045/4051] Built PaperN.PartIV.StrongLocalContractions (2.9s)
✔ [4046/4051] Built PaperN.PartII.MainTheorem (2.4s)
✔ [4047/4051] Built PaperN.PartIV.ContinuousBanachSpace (2.5s)
✔ [4048/4051] Built PaperN.PartIV.SequenceBanachSpaces (2.7s)
✔ [4049/4051] Built PaperN.PartIV.MainTheorem (2.1s)
✔ [4050/4051] Built PaperN (1.9s)
Build completed successfully (4051 jobs).
