✔ [8654/8712] Built PaperN.PartI.Definitions (6.3s)
✔ [8655/8712] Built PaperN.PartI.ClosedDomainLawsStatements (6.3s)
✔ [8656/8712] Built PaperN.PartI.IsometryGroupDefs (6.5s)
✔ [8657/8713] Built PaperN.Shared.Correspondence (6.6s)
✔ [8658/8714] Built PaperN.PartI.MeasuredCompact (6.7s)
✔ [8659/8714] Built PaperN.PartI.ValovInput (6.6s)
✔ [8660/8714] Built PaperN.PartI.ProbabilityTopology (9.1s)
✔ [8661/8714] Built PaperN.Shared.ContinuousPseudometric (3.2s)
✔ [8662/8714] Built PaperN.Shared.CorrespondenceEmbedding (3.3s)
✔ [8663/8714] Built PaperN.PartI.IsometryGraphStatements (3.8s)
✔ [8664/8714] Built PaperN.PartI.FullSupportProbability (4.1s)
✔ [8665/8714] Built PaperN.PartI.MetricBump (4.3s)
✔ [8666/8715] Built PaperN.PartI.IsometryGroup (4.3s)
✔ [8667/8715] Built PaperN.PartI.FixedProbabilityStatements (3.0s)
✔ [8668/8715] Built PaperN.PartI.SelectedProbabilityStatements (3.2s)
✔ [8669/8716] Built PaperN.PartI.GHPDefinitions (3.2s)
✔ [8670/8716] Built PaperN.Shared.Statements (2.9s)
✔ [8671/8716] Built PaperN.PartI.LimitSupportStatements (3.5s)
✔ [8672/8716] Built PaperN.PartI.Statements (3.8s)
✔ [8673/8716] Built PaperN.PartI.Barycenter (3.0s)
✔ [8674/8716] Built PaperN.PartI.IsometryGraph (3.3s)
✔ [8675/8716] Built PaperN.PartI.ValovStatements (2.9s)
✔ [8676/8716] Built PaperN.PartI.FixedProbability (3.5s)
✔ [8677/8718] Built PaperN.PartI.GHPStatements (3.4s)
✔ [8678/8718] Built PaperN.PartI.CommonRealization (3.4s)
✔ [8679/8718] Built PaperN.Shared.PseudometricComparison (3.6s)
✔ [8680/8718] Built PaperN.PartI.LimitSupport (3.9s)
✔ [8681/8718] Built PaperN.PartI.HaarAverage (4.2s)
✔ [8682/8718] Built PaperN.PartI.BarycenterNaturality (3.9s)
✔ [8683/8718] Built PaperN.PartI.ProbabilityRestriction (3.6s)
✔ [8684/8718] Built PaperN.PartI.CommonAmbient (3.3s)
✔ [8685/8718] Built PaperN.PartI.GHPDistance (3.4s)
✔ [8686/8718] Built PaperN.PartI.Remeasure (2.9s)
✔ [8687/8718] Built PaperN.PartI.CommonIsometryGraph (3.7s)
✔ [8688/8725] Built PaperN.PartI.InvariantAssignmentStatements (2.9s)
⚠ [8689/8725] Built Challenge (22s)
warning: Challenge.lean:121:8: declaration uses `sorry`
✔ [8691/8728] Built PaperN.Shared.Scaling (3.3s)
✔ [8692/8730] Built PaperN.PartI.Solution (3.5s)
✔ [8693/8733] Built PaperN.PartI.ProkhorovIsometry (2.9s)
✔ [8694/8733] Built PaperN.PartI.ClosedDomainLaws (3.6s)
✔ [8695/8733] Built PaperN.PartI.CommonGHPConvergence (2.9s)
✔ [8696/8733] Built PaperN.PartI.GHPMetricInput (2.8s)
✔ [8697/8734] Built PaperN.PartI.ParameterIntegralStatements (3.1s)
✔ [8698/8734] Built PaperN.PartIV.MetricProducts (2.8s)
✔ [8699/8734] Built PaperN.PartI.CompactMinima (3.5s)
✔ [8700/8739] Built PaperN.PartI.GDeltaPolish (2.5s)
✔ [8701/8741] Built PaperN.PartI.IsometryLimitsStatements (3.3s)
✔ [8702/8746] Built PaperN.PartI.MeasuredProjection (3.5s)
✔ [8703/8746] Built PaperN.PartI.FixedLawAverage (3.5s)
✔ [8704/8758] Built PaperN.PartI.ClosedDomainAverage (3.5s)
✔ [8705/8766] Built PaperN.PartI.InvariantApproximationStatements (2.8s)
✔ [8706/8769] Built PaperN.PartIV.EquilateralProducts (3.1s)
✔ [8707/8769] Built PaperN.PartI.ParameterIntegrals (4.1s)
✔ [8708/8769] Built PaperN.PartI.ProbabilityMixture (3.5s)
✔ [8709/8769] Built PaperN.PartI.LiftInputs (3.4s)
✔ [8710/8771] Built PaperN.PartI.Valov (3.1s)
✔ [8711/8775] Built PaperN.PartI.GHPExternalStatements (3.4s)
✔ [8712/8775] Built PaperN.PartI.IsometryLimits (3.9s)
✔ [8713/8775] Built PaperN.PartI.CompatibleMetric (2.9s)
✔ [8714/8775] Built PaperN.PartIV.CoverScale (2.0s)
✔ [8715/8775] Built PaperN.PartI.ProkhorovMapApproximation (2.9s)
✔ [8716/8775] Built PaperN.PartI.CompactIsometryEmbeddings (2.7s)
✔ [8717/8775] Built PaperN.PartI.MixtureConvergence (3.6s)
✔ [8718/8775] Built PaperN.PartI.ZeroDistanceCouplings (3.1s)
✔ [8719/8778] Built PaperN.PartI.CommonBaseGluing (3.7s)
✔ [8720/8778] Built PaperN.PartI.CommonIsometryLimits (3.8s)
✔ [8721/8778] Built PaperN.PartI.InvariantLiftsStatements (3.4s)
✔ [8722/8778] Built PaperN.PartI.ZeroCostCoupling (3.7s)
✔ [8723/8778] Built PaperN.PartI.OpenProjectionStatements (3.5s)
✔ [8724/8778] Built PaperN.PartI.FiberTransport (3.7s)
✔ [8725/8778] Built PaperN.PartI.InvariantPolishStatements (3.5s)
✔ [8726/8778] Built PaperN.PartI.FixedTopologyAssignmentStatements (3.0s)
✔ [8727/8778] Built PaperN.PartI.GHPExternal (3.5s)
✔ [8728/8778] Built PaperN.PartIV.PackingSeparation (3.2s)
✔ [8729/8784] Built PaperN.PartI.MeasurableNearMap (2.9s)
✔ [8730/8784] Built PaperN.PartI.UniformEmbeddingLimits (3.1s)
⚠ [8731/8784] Built PaperN.PartI.CompactCouplingGluing (3.3s)
warning: PaperN/PartI/CompactCouplingGluing.lean:73:23: Used `tac1 <;> tac2` where `(tac1; tac2)` would suffice

Note: This linter can be disabled with `set_option linter.unnecessarySeqFocus false`
warning: PaperN/PartI/CompactCouplingGluing.lean:73:57: Used `tac1 <;> tac2` where `(tac1; tac2)` would suffice

Note: This linter can be disabled with `set_option linter.unnecessarySeqFocus false`
✔ [8732/8786] Built PaperN.PartI.UniformOrbitStatements (3.6s)
✔ [8733/8786] Built PaperN.PartI.CommonBaseLimit (3.8s)
✔ [8734/8789] Built PaperN.PartI.VaryingFiberTransportStatements (3.7s)
✔ [8735/8789] Built PaperN.PartI.CouplingCommonAmbient (4.0s)
✔ [8736/8789] Built PaperN.PartI.FiberTopology (3.8s)
✔ [8737/8789] Built PaperN.PartI.BallMass (3.8s)
✔ [8738/8789] Built PaperN.PartI.IsometryDefect (3.6s)
✔ [8739/8789] Built PaperN.PartI.ProbabilityApproximationProof (3.7s)
✔ [8740/8789] Built PaperN.PartI.GHPMetricFromSeparation (3.2s)
✔ [8741/8789] Built PaperN.PartI.CommonGHEmbeddingStatements (3.5s)
✔ [8742/8792] Built PaperN.PartI.UniformOrbit (3.7s)
✔ [8743/8800] Built PaperN.PartI.GHCommonEmbeddingProof (3.8s)
✔ [8744/8800] Built PaperN.PartI.HaarConvergenceStatements (3.5s)
✔ [8745/8802] Built PaperN.PartI.ConvergentCouplings (2.0s)
✔ [8746/8806] Built PaperN.PartI.CompactRealizationRestriction (3.9s)
✔ [8747/8806] Built PaperN.PartI.VaryingFiberTransport (3.6s)
✔ [8748/8806] Built PaperN.PartI.FiberLawAverage (3.5s)
✔ [8749/8809] Built PaperN.PartI.MinimumBallMass (3.5s)
✔ [8750/8809] Built PaperN.PartII.CoordinateDefinitions (3.5s)
✔ [8751/8809] Built PaperN.PartII.CommonCorrespondences (3.4s)
✔ [8752/8809] Built PaperN.PartI.HaarConvergence (3.9s)
✔ [8753/8809] Built PaperN.PartII.GramConvergence (3.9s)
✔ [8754/8809] Built PaperN.PartI.GHPCommonEmbeddingProof (3.4s)
✔ [8755/8809] Built PaperN.PartI.GHPSeparationProof (3.4s)
✔ [8756/8809] Built PaperN.PartI.ParameterizedFiberTransport (3.9s)
✔ [8757/8809] Built PaperN.PartI.FullSupportStatements (3.6s)
✔ [8758/8816] Built PaperN.PartII.MinimizerContinuityStatements (2.9s)
✔ [8759/8816] Built PaperN.PartI.FiberNaturality (3.9s)
✔ [8760/8816] Built PaperN.PartII.DistanceKernel (4.9s)
✔ [8761/8816] Built PaperN.PartII.NormedCoordinateClass (3.4s)
✔ [8762/8816] Built PaperN.PartII.CoordinateEstimate (4.1s)
✔ [8763/8816] Built PaperN.PartI.InvariantApproximation (4.5s)
✔ [8764/8820] Built PaperN.PartI.OrdinaryProbabilityLifting (3.8s)
✔ [8765/8820] Built PaperN.PartII.MinimizerContinuity (2.9s)
✔ [8766/8820] Built PaperN.PartI.InvariantGDeltaStatements (3.7s)
✔ [8767/8826] Built PaperN.PartI.FamilyFiberAverage (4.1s)
✔ [8768/8826] Built PaperN.PartII.PowerIntegralConvergence (4.2s)
✔ [8769/8829] Built PaperN.PartI.FullSupportGDelta (3.8s)
✔ [8770/8829] Built PaperN.PartII.CoordinateLpNorm (4.3s)
✔ [8771/8829] Built PaperN.PartII.CoordinatePullback (3.0s)
✔ [8772/8829] Built PaperN.PartII.MetricApproximationError (3.3s)
✔ [8773/8829] Built PaperN.PartI.InvariantLifts (3.7s)
✔ [8774/8829] Built PaperN.PartII.BasisTransform (3.0s)
✔ [8775/8829] Built PaperN.PartI.FamilyAverageIdentification (4.2s)
✔ [8776/8830] Built PaperN.PartII.ComplexDistanceKernel (5.4s)
✔ [8777/8830] Built PaperN.PartII.FactorEigenspaces (5.1s)
✔ [8778/8837] Built PaperN.PartI.InvariantGDelta (4.1s)
✔ [8779/8837] Built PaperN.PartII.ParameterizedSynthesis (4.6s)
✔ [8780/8837] Built PaperN.PartII.ZeroCoordinateModel (3.5s)
✔ [8781/8837] Built PaperN.PartII.FiniteDimensionalApproximation (4.3s)
✔ [8782/8837] Built PaperN.PartI.OpenProjection (3.9s)
✔ [8783/8837] Built PaperN.PartII.GramPositive (3.9s)
✔ [8784/8837] Built PaperN.PartI.SequenceFiberAverage (3.9s)
✔ [8785/8837] Built PaperN.PartII.ProfileApproximation (4.1s)
✔ [8786/8837] Built PaperN.PartII.DistanceOperatorStatements (3.3s)
✔ [8787/8838] Built PaperN.PartII.FactorSpectrum (4.5s)
✔ [8788/8838] Built PaperN.PartI.InvariantPolish (3.6s)
✔ [8789/8852] Built PaperN.PartII.DiameterContinuity (3.2s)
✔ [8790/8852] Built PaperN.PartII.AmbientKernel (5.7s)
✔ [8791/8857] Built PaperN.PartII.DistanceObjectiveConvergence (3.8s)
✔ [8792/8857] Built PaperN.PartII.BestApproximationContinuity (4.2s)
✔ [8793/8874] Built PaperN.PartII.GramNormalization (4.4s)
✔ [8794/8874] Built PaperN.PartII.SpectralApproximationStatements (3.7s)
✔ [8795/8874] Built PaperN.PartI.InvariantSelectionStatements (3.8s)
✔ [8796/8908] Built PaperN.PartII.CircleScalar (3.0s)
✔ [8797/8925] Built PaperN.PartII.MovingDistanceObjective (4.5s)
✔ [8798/8938] Built PaperN.PartII.AmbientStatements (4.0s)
✔ [8799/8941] Built PaperN.PartII.AmbientCompact (5.3s)
✔ [8800/8941] Built PaperN.PartII.BestApproximationNaturality (3.0s)
✔ [8801/8941] Built PaperN.PartII.FactorSelectedEigenspaces (3.5s)
✔ [8802/8941] Built PaperN.PartII.CompactIntegralImages (3.3s)
✔ [8803/8946] Built PaperN.PartI.InvariantSelection (3.8s)
✔ [8804/8946] Built PaperN.PartII.SpectralSpan (4.0s)
✔ [8805/8946] Built PaperN.PartII.CoordinateClassRepair (3.4s)
✔ [8806/8952] Built PaperN.PartII.UniformRelationConvergence (3.4s)
✔ [8807/8966] Built PaperN.PartII.MeasureKernelConvergence (4.6s)
✔ [8808/8966] Built PaperN.PartII.SelectedSquareRange (3.3s)
✔ [8809/8969] Built PaperN.PartII.CoordinateBoundConvergence (3.1s)
✔ [8810/8973] Built PaperN.PartII.OrthonormalCoordinateChange (4.8s)
✔ [8811/8973] Built PaperN.PartII.ComplexSymmetry (4.9s)
✔ [8812/8974] Built PaperN.PartI.SelectedProbability (3.9s)
✔ [8813/8974] Built PaperN.PartII.LpDistanceDefinitions (3.4s)
⚠ [8814/8974] Built PaperN.PartII.FiniteSpectralApproximation (4.8s)
warning: PaperN/PartII/FiniteSpectralApproximation.lean:38:4: try 'simp' instead of 'simpa'

Note: This linter can be disabled with `set_option linter.unnecessarySimpa false`
✔ [8815/8974] Built PaperN.PartII.DistanceOperator (3.3s)
✔ [8816/8974] Built PaperN.PartII.UniformBallMass (3.5s)
✔ [8817/8974] Built PaperN.PartII.RealPowerConvexity (3.4s)
⚠ [8818/8978] Built PaperN.PartII.CorrespondenceTransport (2.0s)
warning: PaperN/PartII/CorrespondenceTransport.lean:21:52: try 'simp' instead of 'simpa'

Note: This linter can be disabled with `set_option linter.unnecessarySimpa false`
✔ [8819/8979] Built PaperN.PartII.CoefficientBound (3.5s)
✔ [8820/9004] Built PaperN.PartII.SymmetricFactorSquareRange (3.8s)
✔ [8821/9004] Built PaperN.PartII.AbsoluteRetract (2.1s)
✔ [8822/9004] Built PaperN.PartII.LpDistanceStatements (3.3s)
✔ [8823/9004] Built PaperN.PartI.InvariantAssignment (3.7s)
✔ [8824/9004] Built PaperN.PartII.LpStrictConvexity (3.7s)
✔ [8825/9013] Built PaperN.PartII.SpectralCutoff (4.3s)
✔ [8826/9013] Built PaperN.PartII.AbsoluteNeighborhoodRetract (2.1s)
✔ [8827/9013] Built PaperN.PartII.ObjectiveLpNorm (4.1s)
✔ [8828/9018] Built PaperN.PartII.CoordinateNormCarrier (4.3s)
✔ [8829/9018] Built PaperN.PartII.AbsoluteExtensor (1.9s)
✔ [8830/9018] Built PaperN.PartII.SelectedKernelConvergence (3.9s)
✔ [8831/9018] Built PaperN.PartI.GHSection (3.7s)
✔ [8832/9018] Built PaperN.PartII.LpDistance (4.6s)
✔ [8833/9018] Built PaperN.PartII.SmallAmbientRetract (2.4s)
✔ [8834/9018] Built PaperN.PartII.CutoffIdentification (4.6s)
✔ [8835/9018] Built PaperN.PartII.NeighborhoodExtensionFactor (2.5s)
✔ [8836/9018] Built PaperN.PartII.LpNormConvergence (3.0s)
✔ [8837/9018] Built PaperN.PartII.ObjectiveTransport (3.8s)
✔ [8838/9018] Built PaperN.PartII.CoordinateDualNorm (3.7s)
✔ [8839/9018] Built PaperN.PartII.ClosedEmbeddingFactor (2.4s)
✔ [8840/9018] Built PaperN.PartII.SingletonNeighborhood (3.7s)
✔ [8841/9024] Built PaperN.PartI.UniverseAssignment (3.9s)
✔ [8842/9024] Built PaperN.PartII.SeparableANRExtension (2.7s)
✔ [8843/9024] Built PaperN.PartII.CompactEigenvalueInput (3.8s)
✔ [8844/9024] Built PaperN.PartII.UniformLpNormConvergence (4.3s)
✔ [8845/9024] Built PaperN.PartII.BestApproximationError (5.5s)
✔ [8846/9024] Built PaperN.PartII.RealComplexKernel (5.7s)
✔ [8847/9024] Built PaperN.PartII.DualRepresentation (4.2s)
✔ [8848/9024] Built PaperN.PartII.EmbeddedCoefficientConvergence (4.6s)
✔ [8849/9025] Built PaperN.PartII.ZeroCoordinateClass (4.3s)
✔ [8850/9025] Built PaperN.PartII.SelectedDistanceOperator (3.9s)
✔ [8851/9025] Built PaperN.PartII.AmbientEquivalence (20s)
✔ [8852/9025] Built PaperN.PartI.FixedTopologyAssignment (3.9s)
✔ [8853/9025] Built PaperN.PartI.SmallMeasuredModel (4.1s)
✔ [8854/9025] Built PaperN.Shared.UniformSeparated (4.2s)
✔ [8855/9030] Built PaperN.PartII.CompactEigenvalueProof (4.9s)
✔ [8856/9034] Built PaperN.PartII.LpNormTransport (4.1s)
✔ [8857/9034] Built PaperN.PartII.ApproximationParameters (4.2s)
✔ [8858/9034] Built PaperN.PartII.DualNormComparison (4.0s)
✔ [8859/9034] Built PaperN.PartII.DualEquivariance (3.8s)
✔ [8860/9036] Built PaperN.PartII.ComplexifiedSpectrum (7.8s)
✔ [8861/9036] Built PaperN.PartII.RealKernelSpectral (4.2s)
✔ [8862/9036] Built PaperN.PartII.EventualCoefficientConvergence (4.2s)
✔ [8864/9040] Built PaperN.PartII.LocalModel (4.4s)
✔ [8865/9040] Built PaperN.PartII.AmbientEigenspaces (3.2s)
✔ [8866/9040] Built PaperN.PartI.CurrentStatements (3.7s)
✔ [8867/9040] Built PaperN.PartI.UniverseGHP (3.7s)
✔ [8868/9040] Built PaperN.PartIV.CompactFamilyPacking (3.5s)
✔ [8869/9040] Built PaperN.PartII.BestApproximationPullback (4.0s)
✔ [8870/9040] Built PaperN.PartII.DualRepresentationContinuity (3.6s)
✔ [8871/9040] Built PaperN.PartII.DualActionContinuity (3.3s)
✔ [8872/9040] Built PaperN.PartII.SpectralDensityStatements (3.6s)
✔ [8873/9040] Built PaperN.Shared.Contraction (5.8s)
✔ [8874/9040] Built PaperN.PartII.OrthonormalFamilySpan (4.1s)
✔ [8875/9040] Built PaperN.PartII.ComplexificationResolvent (5.2s)
✔ [8876/9040] Built PaperN.PartII.ResolventIntertwining (4.1s)
✔ [8877/9040] Built PaperN.PartI.CommonGHEmbedding (3.4s)
✔ [8878/9040] Built PaperN.PartIV.RecursiveProducts (3.5s)
✔ [8879/9040] Built PaperN.PartII.BlockSum (3.6s)
✔ [8880/9040] Built PaperN.PartII.SpectralDensity (3.1s)
✔ [8881/9040] Built PaperN.PartI.GHPCauchyRealization (3.4s)
✔ [8882/9040] Built PaperN.PartIV.LocallyFiniteProducts (3.6s)
✔ [8883/9040] Built PaperN.PartII.IntegratedResolvent (4.2s)
✔ [8884/9040] Built PaperN.PartII.BlockSumSeparable (3.1s)
✔ [8885/9040] Built PaperN.PartII.SelectedSpectralDensity (3.2s)
✔ [8886/9040] Built PaperN.PartI.GHPCompleteness (3.5s)
✔ [8887/9040] Built PaperN.PartII.BanachContinua (3.1s)
✔ [8888/9040] Built PaperN.PartIV.DiscreteApproximation (3.5s)
✔ [8889/9040] Built PaperN.PartII.ResolventIntegrability (3.8s)
✔ [8890/9040] Built PaperN.PartII.SpectralCompetitors (3.1s)
✔ [8891/9040] Built PaperN.PartII.BlockActionTail (5.2s)
✔ [8892/9040] Built PaperN.PartI.GHPSeparability (2.9s)
✔ [8893/9040] Built PaperN.PartIV.HilbertCubeApproximation (2.9s)
✔ [8894/9040] Built PaperN.PartII.CoefficientCompetitors (3.2s)
✔ [8895/9040] Built PaperN.PartII.SegmentResolvent (4.0s)
✔ [8896/9040] Built PaperN.PartI.MainTheorem (2.9s)
✔ [8897/9040] Built PaperN.PartIV.DiscreteApproximationMain (2.8s)
✔ [8898/9040] Built PaperN.PartII.BlockActionContinuity (4.6s)
✔ [8899/9040] Built PaperN.PartII.CenterApproximation (3.0s)
✔ [8900/9040] Built PaperN.PartII.RectangleResolvent (2.8s)
✔ [8901/9040] Built PaperN.PartII.OrthogonalCompactness (2.1s)
✔ [8902/9040] Built PaperN.PartII.CutoffContour (2.8s)
⚠ [8903/9040] Built PaperN.PartII.RectangleCauchyBridge (3.0s)
warning: PaperN/PartII/RectangleCauchyBridge.lean:17:82: Used `tac1 <;> tac2` where `(tac1; tac2)` would suffice

Note: This linter can be disabled with `set_option linter.unnecessarySeqFocus false`
warning: PaperN/PartII/RectangleCauchyBridge.lean:34:82: Used `tac1 <;> tac2` where `(tac1; tac2)` would suffice

Note: This linter can be disabled with `set_option linter.unnecessarySeqFocus false`
warning: PaperN/PartII/RectangleCauchyBridge.lean:62:23: Used `tac1 <;> tac2` where `(tac1; tac2)` would suffice

Note: This linter can be disabled with `set_option linter.unnecessarySeqFocus false`
warning: PaperN/PartII/RectangleCauchyBridge.lean:62:33: Used `tac1 <;> tac2` where `(tac1; tac2)` would suffice

Note: This linter can be disabled with `set_option linter.unnecessarySeqFocus false`
✔ [8904/9040] Built PaperN.PartII.OrthogonalTopologicalGroup (2.1s)
✔ [8905/9040] Built PaperN.PartII.ResolventEigenvector (2.3s)
✔ [8906/9040] Built PaperN.PartII.OrthogonalCountability (2.1s)
✔ [8907/9040] Built PaperN.PartII.CompactSetAction (2.8s)
✔ [8908/9040] Built PaperN.PartII.ContourEigenvector (2.4s)
✔ [8909/9040] Built PaperN.PartII.CircleOperator (2.6s)
✔ [8910/9040] Built PaperN.PartII.CompactOrbitDistance (2.9s)
✔ [8911/9040] Built PaperN.PartII.SegmentLogIntegral (3.3s)
⚠ [8912/9040] Built PaperN.PartII.RectangleScalarOutside (3.3s)
warning: PaperN/PartII/RectangleScalarOutside.lean:27:23: Used `tac1 <;> tac2` where `(tac1; tac2)` would suffice

Note: This linter can be disabled with `set_option linter.unnecessarySeqFocus false`
✔ [8913/9040] Built PaperN.PartII.EigenProjection (3.5s)
✔ [8914/9040] Built PaperN.PartII.WeightedResolvent (3.5s)
✔ [8915/9040] Built PaperN.PartII.CompactOrbitQuotient (3.1s)
⚠ [8916/9040] Built PaperN.PartII.RectangleScalarInside (3.2s)
warning: PaperN/PartII/RectangleScalarInside.lean:50:2: Used `tac1 <;> tac2` where `(tac1; tac2)` would suffice

Note: This linter can be disabled with `set_option linter.unnecessarySeqFocus false`
⚠ [8917/9040] Built PaperN.PartII.SecondOrderResolvent (3.3s)
warning: PaperN/PartII/SecondOrderResolvent.lean:35:6: Used `tac1 <;> tac2` where `(tac1; tac2)` would suffice

Note: This linter can be disabled with `set_option linter.unnecessarySeqFocus false`
✔ [8918/9040] Built PaperN.PartII.CompactOrbitTopology (2.8s)
✔ [8919/9040] Built PaperN.PartII.CircleRangeFactorization (4.0s)
✔ [8920/9040] Built PaperN.PartII.EigenRange (4.2s)
✔ [8921/9040] Built PaperN.PartII.SphereActionLaws (3.3s)
⚠ [8922/9040] Built PaperN.PartII.SegmentSquareFactorization (4.0s)
warning: PaperN/PartII/SegmentSquareFactorization.lean:74:24: This simp argument is unused:
  map_add

Hint: Omit it from the simp argument list.
  simp [twiceWeightedQuadrilateral, scalarQuadrilateral, add_smul, sub_smul, mul_smul,
  ̵  ̵ ̵ ̵smul_add,
  ̲  ̲ ̲ ̲smul_sub, map_a̵d̵d̵,̵ ̵m̵a̵p̵_̵sub, map_smul]

Note: This linter can be disabled with `set_option linter.unusedSimpArgs false`
warning: PaperN/PartII/SegmentSquareFactorization.lean:74:33: This simp argument is unused:
  map_sub

Hint: Omit it from the simp argument list.
  simp [twiceWeightedQuadrilateral, scalarQuadrilateral, add_smul, sub_smul, mul_smul, smul_add,
  ̲  ̲ ̲ ̲smul_sub, map_add, m̵a̵p̵_̵s̵u̵b̵,̵ ̵map_smul]

Note: This linter can be disabled with `set_option linter.unusedSimpArgs false`
warning: PaperN/PartII/SegmentSquareFactorization.lean:74:42: This simp argument is unused:
  map_smul

Hint: Omit it from the simp argument list.
  simp [twiceWeightedQuadrilateral, scalarQuadrilateral, add_smul, sub_smul, mul_smul, smul_add,
  ̲  ̲ ̲ ̲smul_sub, map_add, m̵a̵p̵_̵s̵u̵b̵,̵ ̵m̵a̵p̵_̵s̵m̵u̵l̵]̵m̲a̲p̲_̲s̲u̲b̲]̲

Note: This linter can be disabled with `set_option linter.unusedSimpArgs false`
warning: PaperN/PartII/SegmentSquareFactorization.lean:75:2: Used `tac1 <;> tac2` where `(tac1; tac2)` would suffice

Note: This linter can be disabled with `set_option linter.unnecessarySeqFocus false`
warning: PaperN/PartII/SegmentSquareFactorization.lean:86:0: automatically included section variable(s) unused in theorem `PaperN.PartII.rectangle_zero_edge_condition`:
  [CompleteSpace E]
consider restructuring your `variable` declarations so that the variables are not in scope or explicitly omit them:
  omit [CompleteSpace E] in theorem ...

Note: This linter can be disabled with `set_option linter.unusedSectionVars false`
✔ [8923/9040] Built PaperN.PartII.TwoCircleProjection (3.3s)
✔ [8924/9040] Built PaperN.PartII.CutoffRieszInput (2.0s)
✔ [8925/9040] Built PaperN.PartII.RectangleSpectralProjection (3.5s)
✔ [8926/9040] Built PaperN.PartII.ComplexCutoffFinite (4.1s)
✔ [8927/9040] Built PaperN.PartII.CircleIntertwining (4.6s)
✔ [8928/9040] Built PaperN.PartII.SphereOrbitSpace (5.6s)
✔ [8929/9040] Built PaperN.PartII.EquivariantARInputs (2.9s)
✔ [8930/9040] Built PaperN.PartII.CutoffCircleRangeFactorization (3.5s)
✔ [8931/9040] Built PaperN.PartII.CutoffComplexification (4.3s)
✔ [8932/9040] Built PaperN.PartII.CollectivelyCompactBounds (3.8s)
✔ [8933/9040] Built PaperN.PartII.AmbientSelectedEquivalence (4.7s)
✔ [8934/9040] Built PaperN.PartII.CompactSetRealization (5.6s)
✔ [8935/9040] Built PaperN.PartII.CompactSelectorFiniteRange (3.8s)
✔ [8936/9040] Built PaperN.PartII.StrongCompactConvergence (4.2s)
✔ [8937/9040] Built PaperN.PartII.SphereOrbitAR (4.7s)
✔ [8938/9040] Built PaperN.PartII.CircleSquareFactorization (4.7s)
✔ [8939/9040] Built PaperN.PartII.RealComplexProjection (4.0s)
✔ [8940/9040] Built PaperN.PartII.FiniteBlockFeature (3.6s)
✔ [8941/9040] Built PaperN.PartII.WeightedPseudometric (3.2s)
✔ [8942/9040] Built PaperN.PartII.SquaredErrorInvertibility (5.1s)
✔ [8943/9040] Built PaperN.PartII.ParameterStrongCompactConvergence (5.2s)
✔ [8944/9040] Built PaperN.PartII.FiniteSubspaceStability (5.5s)
✔ [8945/9040] Built PaperN.PartII.RestrictionRealProjection (4.7s)
✔ [8946/9040] Built PaperN.PartII.AmbientCircleRangeProof (5.9s)
✔ [8947/9040] Built PaperN.PartII.AmbientContourComparisonProof (5.0s)
✔ [8948/9040] Built PaperN.PartII.CutoffDimension (6.8s)
✔ [8949/9040] Built PaperN.PartII.FeatureImage (3.2s)
⚠ [8950/9040] Built PaperN.PartII.PointwiseResolventStability (4.0s)
warning: PaperN/PartII/PointwiseResolventStability.lean:25:15: `ContinuousLinearMap.sub_apply` has been deprecated: Use `sub_apply` instead

Note: The updated constant is in a different namespace. Dot notation may need to be changed (e.g., from `x.sub_apply` to `sub_apply x`).
✔ [8951/9040] Built PaperN.PartII.SquaredErrorLowerBound (4.3s)
✔ [8952/9040] Built PaperN.PartII.ContinuousCutoffProjection (4.3s)
✔ [8953/9040] Built PaperN.PartII.ProjectionRankStability (4.3s)
✔ [8954/9040] Built PaperN.PartII.AmbientRieszRange (4.5s)
✔ [8955/9040] Built PaperN.PartII.FeatureInvariance (2.6s)
⚠ [8956/9040] Built PaperN.PartII.CollectivelyCompactInverseConvergence (2.0s)
warning: PaperN/PartII/CollectivelyCompactInverseConvergence.lean:35:51: `ContinuousLinearMap.sub_apply` has been deprecated: Use `sub_apply` instead

Note: The updated constant is in a different namespace. Dot notation may need to be changed (e.g., from `x.sub_apply` to `sub_apply x`).
✔ [8957/9040] Built PaperN.PartII.AmbientConjugation (3.1s)
✔ [8958/9040] Built PaperN.PartII.LocalDualFeature (2.8s)
✔ [8959/9040] Built PaperN.PartII.ResolventStrongConvergence (2.6s)
✔ [8960/9040] Built PaperN.PartII.AmbientRealProjection (2.5s)
✔ [8961/9040] Built PaperN.PartII.InversePerturbationBound (2.7s)
✔ [8962/9040] Built PaperN.PartII.ContinuousCutoffEquivalence (2.0s)
✔ [8963/9040] Built PaperN.PartII.ResolventNeighborhoodBound (2.8s)
✔ [8964/9040] Built PaperN.PartII.CircularProjectionRestriction (2.5s)
✔ [8965/9040] Built PaperN.PartII.CompactResolventBound (2.4s)
✔ [8966/9040] Built PaperN.PartII.ContourComparison (2.5s)
✔ [8967/9040] Built PaperN.PartII.CollectivelyCompactSpectralInput (2.8s)
✔ [8968/9040] Built PaperN.PartII.InverseDifferenceBound (2.9s)
✔ [8969/9040] Built PaperN.PartII.ResolventCompactImages (2.8s)
✔ [8970/9040] Built PaperN.PartII.SegmentResolventConvergence (2.9s)
✔ [8971/9040] Built PaperN.PartII.CutoffContourConvergence (2.8s)
✔ [8972/9040] Built PaperN.PartII.CollectivelyCompactIntegral (2.9s)
✔ [8973/9040] Built PaperN.PartII.ResolventDifferenceCompact (3.1s)
✔ [8974/9040] Built PaperN.PartII.SegmentDifferenceCompact (2.3s)
✔ [8975/9040] Built PaperN.PartII.CutoffProjectionConvergence (3.2s)
✔ [8976/9040] Built PaperN.PartII.ContourDifferenceCompact (2.6s)
✔ [8977/9040] Built PaperN.PartII.AmbientContourProperties (2.6s)
✔ [8978/9040] Built PaperN.PartII.CutoffRankStability (2.3s)
✔ [8979/9040] Built PaperN.PartII.SelectedProjectionRankProof (15s)
✔ [8980/9040] Built PaperN.PartII.ProjectionCutoffDimension (2.8s)
✔ [8981/9040] Built PaperN.PartII.SpectralProjectionProperties (2.4s)
✔ [8982/9040] Built PaperN.PartII.RealProjectedFunctions (2.6s)
✔ [8983/9040] Built PaperN.PartII.SpectralNeighborhood (2.7s)
✔ [8984/9040] Built PaperN.PartII.RealCutoffExtension (2.3s)
✔ [8985/9040] Built PaperN.PartII.GramRestriction (2.2s)
✔ [8986/9040] Built PaperN.PartII.NormalizedRestriction (2.2s)
✔ [8987/9040] Built PaperN.PartII.ContinuousFamilyBasis (2.8s)
✔ [8988/9040] Built PaperN.PartII.SelectedSpectralBasis (2.5s)
✔ [8989/9040] Built PaperN.PartII.ContinuousOrthonormalBasis (2.5s)
✔ [8990/9040] Built PaperN.PartII.UniformCoefficientConvergence (2.4s)
✔ [8991/9040] Built PaperN.PartII.SubspaceCoordinateClass (2.3s)
✔ [8992/9040] Built PaperN.PartII.ModelSupConvergence (2.4s)
✔ [8993/9040] Built PaperN.PartII.SubspaceClassPullback (2.6s)
✔ [8994/9040] Built PaperN.PartII.SubspaceClassMembership (2.6s)
✔ [8995/9040] Built PaperN.PartII.SpectralCutoffPullback (2.6s)
✔ [8996/9040] Built PaperN.PartII.SubspaceModelConvergence (2.7s)
✔ [8997/9040] Built PaperN.PartII.SelectedClassConvergence (2.4s)
✔ [8998/9040] Built PaperN.PartII.SpectralCutoffEquiv (2.4s)
✔ [8999/9040] Built PaperN.PartII.LocalSpectralContinuity (2.4s)
✔ [9000/9040] Built PaperN.PartII.CoordinateEquivariance (2.6s)
✔ [9001/9040] Built PaperN.PartII.LocalMetricErrorConvergence (2.5s)
✔ [9002/9040] Built PaperN.PartII.SubspaceModelBounds (2.5s)
✔ [9003/9040] Built PaperN.PartII.LocalApproximationNeighborhood (2.6s)
✔ [9004/9040] Built PaperN.PartII.CenterClassApproximation (2.7s)
✔ [9005/9040] Built PaperN.PartII.UniversalLocalClass (2.7s)
✔ [9006/9040] Built PaperN.PartII.SpectralGHError (2.6s)
✔ [9007/9040] Built PaperN.PartII.CenterResolventApproximation (2.7s)
✔ [9008/9040] Built PaperN.PartII.UniversalLocalConvergence (2.7s)
✔ [9009/9040] Built PaperN.PartII.ApproximatingSpectralNeighborhood (2.3s)
✔ [9010/9040] Built PaperN.PartII.SpectralLocalModel (2.3s)
✔ [9011/9040] Built PaperN.PartII.LocalModelExistence (2.3s)
✔ [9012/9040] Built PaperN.PartII.LocalModelRestriction (2.1s)
✔ [9013/9040] Built PaperN.PartII.LocalModelGHMap (2.1s)
✔ [9014/9040] Built PaperN.PartII.LocalModelGHContinuity (2.2s)
✔ [9015/9040] Built PaperN.PartII.VariableErrorLocalModel (2.1s)
✔ [9016/9040] Built PaperN.PartII.LocalModelPartition (2.2s)
✔ [9017/9040] Built PaperN.PartII.ModelFeatureAssembly (2.8s)
✔ [9018/9040] Built PaperN.PartII.ModelFeatureInvariance (2.6s)
✔ [9019/9040] Built PaperN.PartII.ModelFeatureRepresentatives (2.8s)
✔ [9020/9040] Built PaperN.PartII.FeatureImageConvergence (2.3s)
✔ [9021/9040] Built PaperN.PartII.DualFeatureError (2.4s)
✔ [9022/9040] Built PaperN.PartII.ModelFeatureSequence (2.6s)
✔ [9023/9040] Built PaperN.PartII.GlobalOrbitApproximation (2.0s)
✔ [9024/9040] Built PaperN.PartII.GlobalModelError (2.3s)
✔ [9025/9040] Built PaperN.PartII.FeaturePseudometricError (2.5s)
✔ [9026/9040] Built PaperN.PartII.GlobalErrorContinuity (2.6s)
✔ [9027/9040] Built PaperN.PartII.ModelInterpolation (2.4s)
✔ [9028/9040] Built PaperN.PartII.InterpolationContinuity (2.7s)
✔ [9029/9040] Built PaperN.PartII.InterpolationCompatibility (2.1s)
✔ [9030/9040] Built PaperN.PartII.GlobalARDomination (2.2s)
✔ [9031/9040] Built PaperN.PartII.HannerDomination (1.0s)
✔ [9032/9040] Built PaperN.PartII.GHAbsoluteRetract (2.1s)
✔ [9033/9040] Built PaperN.PartII.UniversalAbsoluteRetract (2.4s)
✔ [9034/9040] Built PaperN.PartIV.HilbertRecognition (2.4s)
✔ [9035/9040] Built PaperN.PartII.ContractibleExtensorProof (2.4s)
✔ [9036/9040] Built PaperN.PartII.HannerCategoryProof (2.1s)
✔ [9037/9040] Built PaperN.PartII.MainTheorem (2.1s)
✔ [9038/9040] Built PaperN.PartIV.MainTheorem (1.0s)
✔ [9039/9040] Built Solution (2.0s)
Build completed successfully (9040 jobs).
